C51 COMPILER V9.01   FLASH                                                                 10/05/2018 21:28:23 PAGE 1   


C51 COMPILER V9.01, COMPILATION OF MODULE FLASH
OBJECT MODULE PLACED IN FLASH.OBJ
COMPILER INVOKED BY: E:\Programs\Keil\C51\BIN\C51.EXE FLASH.c BROWSE DEBUG OBJECTEXTEND

line level    source

   1          #include<reg51.h>
   2          #define uint unsigned int
   3          #define uchar unsigned char
   4          sbit p10 = P1 ^ 0;
   5          
   6          void delay(uint n)
   7          {
   8   1              uint i = 0, j = 0;
   9   1              for (i = 0; i < n; i++)
  10   1                      for (j = 0; j < 123; j++);
  11   1      }
  12          
  13          void dot()
  14          {
  15   1              p10 = 0;
  16   1              delay(500);
  17   1              p10 = 1;
  18   1      }
  19          
  20          void line()
  21          {
  22   1              p10 = 0;
  23   1              delay(1500);
  24   1              p10 = 1;
  25   1      }
  26          
  27          void main()
  28          {
  29   1              uchar a;
  30   1              while (1)
  31   1              {
  32   2      // H
  33   2                      for (a = 4; a > 0; a--)
  34   2                      {
  35   3                              dot(); delay(500);
  36   3                      }
  37   2                      delay(1000);
  38   2      // E
  39   2                      dot();
  40   2                      delay(1500);
  41   2      // double L
  42   2                      for (a = 2; a > 0; a--)
  43   2                      {
  44   3                              dot(); delay(500);
  45   3                              line(); delay(500);
  46   3                              dot(); delay(500);
  47   3                              dot();
  48   3                              delay(1500);
  49   3                      }
  50   2      // O
  51   2                      for (a = 3; a > 0; a--)
  52   2                      {
  53   3                              line(); delay(500);
  54   3                      }
  55   2                      delay(2000);    // next word
C51 COMPILER V9.01   FLASH                                                                 10/05/2018 21:28:23 PAGE 2   

  56   2              }
  57   1      }


MODULE INFORMATION:   STATIC OVERLAYABLE
   CODE SIZE        =    128    ----
   CONSTANT SIZE    =   ----    ----
   XDATA SIZE       =   ----    ----
   PDATA SIZE       =   ----    ----
   DATA SIZE        =   ----    ----
   IDATA SIZE       =   ----    ----
   BIT SIZE         =   ----    ----
END OF MODULE INFORMATION.


C51 COMPILATION COMPLETE.  0 WARNING(S),  0 ERROR(S)
